#-----------------------------------------------------------
# Vivado v2022.2 (64-bit)
# SW Build 3671981 on Fri Oct 14 05:00:03 MDT 2022
# IP Build 3669848 on Fri Oct 14 08:30:02 MDT 2022
# Start of session at: Wed Apr 26 12:05:30 2023
# Process ID: 23572
# Current directory: C:/Users/lukeh/Documents/GitHub/Digital-Design/Full Simulation/full_sim
# Command line: vivado.exe -gui_launcher_event rodinguilauncherevent6516 C:\Users\lukeh\Documents\GitHub\Digital-Design\Full Simulation\full_sim\full_sim.xpr
# Log file: C:/Users/lukeh/Documents/GitHub/Digital-Design/Full Simulation/full_sim/vivado.log
# Journal file: C:/Users/lukeh/Documents/GitHub/Digital-Design/Full Simulation/full_sim\vivado.jou
# Running On: LAPTOP-I8F9F75T, OS: Windows, CPU Frequency: 2419 MHz, CPU Physical cores: 4, Host memory: 8215 MB
#-----------------------------------------------------------
start_gui
open_project {C:/Users/lukeh/Documents/GitHub/Digital-Design/Full Simulation/full_sim/full_sim.xpr}
update_compile_order -fileset sources_1
launch_simulation
open_wave_config {C:/Users/lukeh/Documents/GitHub/Digital-Design/Full Simulation/full_sim/tb_dataGenConsume_behav.wcfg}
source tb_dataGenConsume.tcl
current_wave_config {tb_dataGenConsume_behav.wcfg}
add_wave {{/tb_dataGenConsume/cmdProc1}} 
current_wave_config {tb_dataGenConsume_behav.wcfg}
add_wave {{/tb_dataGenConsume/dataConsume1}} 
relaunch_sim
run 150 ms
run 250 ms
run 250 ms
run 250 ms
relaunch_sim
run 250 ms
close_sim
